../Core/Src/main.c:71:5:main	8	static
../Core/Src/main.c:139:6:SystemClock_Config	88	static
../Core/Src/main.c:183:13:MX_ADC1_Init	24	static
../Core/Src/main.c:233:13:MX_GPIO_Init	48	static
../Core/Src/main.c:258:13:mqtt_sub_request_cb	16	static
../Core/Src/main.c:273:13:mqtt_incoming_publish_cb	24	static
../Core/Src/main.c:289:13:mqtt_incoming_data_cb	24	static
../Core/Src/main.c:324:13:mqtt_pub_request_cb	16	static
../Core/Src/main.c:331:13:mqtt_connection_cb	40	static
../Core/Src/main.c:354:6:example_do_connect	64	static
../Core/Src/main.c:384:6:example_publish	48	static
../Core/Src/main.c:403:6:Error_Handler	4	static,ignoring_inline_asm
